================================================================================
XCELFI LP HEDGE V3 - TEST APPLICATION
================================================================================

📍 Wallet Address: 0xc1E18438Fed146D814418364134fE28cC8622B5C
🔑 Octav API Key: eyJhbGciOi...

🔄 Inicializando Octav.fi client...
🔄 Inicializando Delta Neutral Analyzer...

--------------------------------------------------------------------------------
📊 BUSCANDO DADOS DO PORTFÓLIO...
--------------------------------------------------------------------------------

💰 Net Worth: $102.62668767700770020605

--------------------------------------------------------------------------------
🏦 POSIÇÕES LP (Liquidity Provider)
--------------------------------------------------------------------------------

   Revert Finance (arbitrum):
      wbtc: 0.000419 @ $103313.68 = $43.26
   Revert Finance (arbitrum):
      weth: 0.012543 @ $3451.19 = $43.29
   Revert Finance (arbitrum):
      wbtc: 0.000007 @ $103313.68 = $0.73
   Revert Finance (arbitrum):
      weth: 0.000207 @ $3451.19 = $0.71

   📊 Balanços Agregados LP:
      BTC: 0.000426
      ETH: 0.012749

--------------------------------------------------------------------------------
📉 POSIÇÕES SHORT (Hyperliquid)
--------------------------------------------------------------------------------

   btc SHORT:
      Size: -0.000390
      Mark Price: $103301.00
      Position Value: $40.29
   eth SHORT:
      Size: -0.013300
      Mark Price: $3449.40
      Position Value: $45.88

   📊 Balanços Agregados Short:
      BTC: 0.000390
      ETH: 0.013300

--------------------------------------------------------------------------------
🎯 ANÁLISE DELTA NEUTRAL
--------------------------------------------------------------------------------

================================================================================
ANÁLISE DELTA NEUTRAL - SUGESTÕES DE AJUSTE
================================================================================

📊 RESUMO:
   ✅ Posições Balanceadas: 1
   ⚠️  Posições Sub-Hedge: 1
   ⚠️  Posições Sobre-Hedge: 0

--------------------------------------------------------------------------------

✅ POSIÇÕES BALANCEADAS (dentro da tolerância de 5.0%)

   ETH:
      LP: 0.012749
      Short: 0.013300
      Diferença: -0.000551 (4.32%)


⚠️  POSIÇÕES SUB-HEDGE (precisa aumentar short)

   BTC:
      LP: 0.000426
      Short Atual: 0.000390
      Short Alvo: 0.000426
      ➡️  AÇÃO: AUMENTAR SHORT em 0.000036 BTC
      Diferença: 8.40%

--------------------------------------------------------------------------------

📋 AÇÕES NECESSÁRIAS:

   • AUMENTAR SHORT BTC: 0.000036

================================================================================

--------------------------------------------------------------------------------
📋 RESUMO DE AÇÕES PARA HYPERLIQUID API
--------------------------------------------------------------------------------

   AUMENTAR SHORT:
      • BTC: +0.000036

   ⚠️  NOTA: Execução via Hyperliquid API requer configuração adicional

================================================================================
✅ TESTE CONCLUÍDO COM SUCESSO!
================================================================================
